============================= test session starts =============================
platform win32 -- Python 3.13.9, pytest-9.0.2, pluggy-1.5.0 -- C:\Users\Anuj\miniconda3\python.exe
cachedir: .pytest_cache
rootdir: C:\Users\Anuj\DVCON
plugins: anyio-4.12.0, langsmith-0.5.0
collecting ... collected 6 items

tests/test_detector.py::TestCOCOClasses::test_80_classes FAILED          [ 16%]
tests/test_detector.py::TestCOCOClasses::test_class_id_mapping PASSED    [ 33%]
tests/test_detector.py::TestCOCOClasses::test_class_name_mapping PASSED  [ 50%]
tests/test_detector.py::TestCOCOClasses::test_supercategories PASSED     [ 66%]
tests/test_detector.py::TestDetection::test_detection_dataclass PASSED   [ 83%]
tests/test_detector.py::TestDetection::test_detection_zero_area PASSED   [100%]

================================== FAILURES ===================================
_______________________ TestCOCOClasses.test_80_classes _______________________

self = <test_detector.TestCOCOClasses object at 0x000001CCE0C31310>

    def test_80_classes(self):
        """Verify we have exactly 80 COCO classes."""
>       assert len(COCO_CLASSES) >= 80
E       AssertionError: assert 75 >= 80
E        +  where 75 = len(['person', 'bicycle', 'car', 'motorcycle', 'airplane', 'bus', ...])

tests\test_detector.py:19: AssertionError
=========================== short test summary info ===========================
FAILED tests/test_detector.py::TestCOCOClasses::test_80_classes - AssertionEr...
========================= 1 failed, 5 passed in 3.00s =========================
